make: *** No rule to make target `[mini_polaris]'.  Stop.
